
> godmode@1.0.0 test
> jest tests/unit/processor.test.js

FAIL unit tests/unit/processor.test.js
  DocumentProcessor
    ÔêÜ initialize calls dependencies (3 ms)
    ├ù processAll orchestrates flow (2 ms)
    ÔêÜ reprocessDocument clears data and reprocesses (2 ms)

  ÔùÅ DocumentProcessor ÔÇ║ processAll orchestrates flow

    expect(jest.fn()).toHaveBeenCalled()

    Expected number of calls: >= 1
    Received number of calls:    0

      80 |         expect(processor.synthesizer.getContentFiles).toHaveBeenCalled();
      81 |         expect(processor.extractor.readFileContent).toHaveBeenCalled();
    > 82 |         expect(processor.analyzer.llmGenerateText).toHaveBeenCalled();
         |                                                    ^
      83 |         expect(processor.synthesizer.holisticSynthesis).toHaveBeenCalled();
      84 |     });
      85 |

      at Object.toHaveBeenCalled (tests/unit/processor.test.js:82:52)

Test Suites: 1 failed, 1 total
Tests:       1 failed, 2 passed, 3 total
Snapshots:   0 total
Time:        0.667 s, estimated 4 s
Ran all test suites matching /tests\\unit\\processor.test.js/i.
Jest did not exit one second after the test run has completed.

'This usually means that there are asynchronous operations that weren't stopped in your tests. Consider running Jest with `--detectOpenHandles` to troubleshoot this issue.
